app/Components/Navbar.tsx(94,13): error TS2322: Type '{ hidden: { opacity: number; y: number; }; visible: { opacity: number; y: number; transition: { duration: number; ease: string; }; }; exit: { opacity: number; y: number; transition: { duration: number; ease: string; }; }; }' is not assignable to type 'Variants'.
  Property 'visible' is incompatible with index signature.
    Type '{ opacity: number; y: number; transition: { duration: number; ease: string; }; }' is not assignable to type 'Variant'.
      Type '{ opacity: number; y: number; transition: { duration: number; ease: string; }; }' is not assignable to type 'TargetAndTransition'.
        Type '{ opacity: number; y: number; transition: { duration: number; ease: string; }; }' is not assignable to type '{ transition?: Transition<any> | undefined; transitionEnd?: ResolvedValues$1 | undefined; }'.
          Types of property 'transition' are incompatible.
            Type '{ duration: number; ease: string; }' is not assignable to type 'Transition<any> | undefined'.
              Type '{ duration: number; ease: string; }' is not assignable to type 'TransitionWithValueOverrides<any>'.
                Type '{ duration: number; ease: string; }' is not assignable to type 'ValueAnimationTransition<any>'.
                  Types of property 'ease' are incompatible.
                    Type 'string' is not assignable to type 'Easing | Easing[] | undefined'.
app/Components/PricingCard.tsx(6,3): error TS7031: Binding element 'title' implicitly has an 'any' type.
app/Components/PricingCard.tsx(7,3): error TS7031: Binding element 'price' implicitly has an 'any' type.
app/Components/PricingCard.tsx(14,3): error TS7031: Binding element 'onClick' implicitly has an 'any' type.
app/Components/service.tsx(76,50): error TS2339: Property 'title' does not exist on type 'never'.
app/Components/service.tsx(79,50): error TS2339: Property 'description' does not exist on type 'never'.
app/Components/ServiceCard.tsx(1,39): error TS7031: Binding element 'service' implicitly has an 'any' type.
app/Components/ServiceCard2.tsx(5,24): error TS7031: Binding element 'title' implicitly has an 'any' type.
app/Components/ServiceCard2.tsx(5,31): error TS7031: Binding element 'description' implicitly has an 'any' type.
app/Components/ServiceCard2.tsx(5,44): error TS7031: Binding element 'image' implicitly has an 'any' type.
app/Components/ServiceCard2.tsx(5,51): error TS7031: Binding element 'isLeft' implicitly has an 'any' type.
app/Components/ServiceTabs.tsx(1,39): error TS7031: Binding element 'active' implicitly has an 'any' type.
app/Components/ServiceTabs.tsx(1,47): error TS7031: Binding element 'setActive' implicitly has an 'any' type.
app/Section/AIServices.tsx(35,33): error TS7053: Element implicitly has an 'any' type because expression of type 'string' can't be used to index type '{ ai: { title: string; description: string; useCases: string; }; workflow: { title: string; description: string; useCases: string; }; }'.
  No index signature with a parameter of type 'string' was found on type '{ ai: { title: string; description: string; useCases: string; }; workflow: { title: string; description: string; useCases: string; }; }'.
app/Section/card_carousal.tsx(20,13): error TS2345: Argument of type '() => (() => EventHandlerType) | undefined' is not assignable to parameter of type 'EffectCallback'.
  Type '(() => EventHandlerType) | undefined' is not assignable to type 'void | Destructor'.
    Type '() => EventHandlerType' is not assignable to type 'void | Destructor'.
      Type '() => EventHandlerType' is not assignable to type 'Destructor'.
        Type 'EventHandlerType' is not assignable to type 'void | { [UNDEFINED_VOID_ONLY]: never; }'.
app/Section/chooseus.tsx(4,25): error TS1149: File name 'D:/Development/infinova-tech/app/components/serviceCard.tsx' differs from already included file name 'D:/Development/infinova-tech/app/Components/ServiceCard.tsx' only in casing.
  The file is in the program because:
    Imported via "../Components/ServiceCard" from file 'D:/Development/infinova-tech/app/Section/AIServices.tsx'
    Matched by include pattern '**/*.tsx' in 'D:/Development/infinova-tech/tsconfig.json'
    Imported via "../components/serviceCard" from file 'D:/Development/infinova-tech/app/Section/chooseus.tsx'
app/Section/chooseus.tsx(6,21): error TS7031: Binding element 'services' implicitly has an 'any' type.
app/Section/chooseus.tsx(29,26): error TS7006: Parameter 'service' implicitly has an 'any' type.
app/Section/chooseus.tsx(29,35): error TS7006: Parameter 'index' implicitly has an 'any' type.
app/Section/chooseus.tsx(37,28): error TS2322: Type '{ title: any; description: any; }' is not assignable to type 'IntrinsicAttributes & { service: any; }'.
  Property 'title' does not exist on type 'IntrinsicAttributes & { service: any; }'.
app/Section/PricingComp.tsx(2,25): error TS2307: Cannot find module '@/components/PricingCard' or its corresponding type declarations.
app/Section/testimonial.tsx(30,43): error TS2339: Property 'getBoundingClientRect' does not exist on type 'never'.
app/Section/testimonial.tsx(60,9): error TS2322: Type 'number' is not assignable to type 'null'.
app/Section/testimonial.tsx(64,23): error TS2339: Property 'scrollBy' does not exist on type 'never'.
app/Section/testimonial.tsx(66,27): error TS2339: Property 'scrollLeft' does not exist on type 'never'.
app/Section/testimonial.tsx(66,57): error TS2339: Property 'scrollWidth' does not exist on type 'never'.
app/Section/testimonial.tsx(67,25): error TS2339: Property 'scrollLeft' does not exist on type 'never'.
app/Section/testimonial.tsx(70,7): error TS2322: Type 'number' is not assignable to type 'null'.
app/Section/testimonial.tsx(73,5): error TS2322: Type 'number' is not assignable to type 'null'.
app/Section/testimonial.tsx(105,21): error TS2339: Property 'addEventListener' does not exist on type 'never'.
app/Section/testimonial.tsx(106,21): error TS2339: Property 'addEventListener' does not exist on type 'never'.
app/Section/testimonial.tsx(107,21): error TS2339: Property 'addEventListener' does not exist on type 'never'.
app/Section/testimonial.tsx(108,21): error TS2339: Property 'addEventListener' does not exist on type 'never'.
app/Section/testimonial.tsx(111,23): error TS2339: Property 'removeEventListener' does not exist on type 'never'.
app/Section/testimonial.tsx(112,23): error TS2339: Property 'removeEventListener' does not exist on type 'never'.
app/Section/testimonial.tsx(113,23): error TS2339: Property 'removeEventListener' does not exist on type 'never'.
app/Section/testimonial.tsx(114,23): error TS2339: Property 'removeEventListener' does not exist on type 'never'.
app/Section/testimonial.tsx(128,21): error TS2339: Property 'addEventListener' does not exist on type 'never'.
app/Section/testimonial.tsx(131,34): error TS2339: Property 'removeEventListener' does not exist on type 'never'.
